// Jest Snapshot v1, https://goo.gl/fbAQLP

exports[`IssuesList should render the expected snapshot 1`] = `
<div>
  <p
    className="div-title"
  >
    <span
      className="new-issue-position"
    >
      <a
        className="button"
        href="https://github.com/IBM-Blockchain/blockchain-vscode-extension/issues/new"
      >
        Report a new issue
      </a>
    </span>
    <a
      className="link"
      href="https://github.com/IBM-Blockchain/blockchain-vscode-extension/issues?q="
    >
       
      View all on GitHub
    </a>
  </p>
  <div
    className="flex-container"
  >
    <p
      className="alert alert-info"
    >
      Please wait, loading status information
    </p>
  </div>
</div>
`;
