// Jest Snapshot v1, https://goo.gl/fbAQLP

exports[`App should render the expected snapshot 1`] = `
<div
  className="app-container"
>
  <div>
    <p
      className="status"
    >
      Status
    </p>
    <h1>
      IBM Blockchain Platform Extension for VS Code
    </h1>
    <div />
    <p
      className="description"
    >
      Check this page for information on any current incidents effecting the latest version of the IBM Blockchain Platform extension for Visual Studio Code, as well as planned content for the next release.
    </p>
  </div>
</div>
`;
